IQ-TREE version 3.1.3 for MacOS ARM 64-bit built Jul 26 2026
Developed by Bui Quang Minh, Thomas Wong, Nhan Ly-Trong, Huaiyan Ren
Contributed by Lam-Tung Nguyen, Dominik Schrempf, Chris Bielow,
Olga Chernomor, Michael Woodhams, Diep Thi Hoang, Heiko Schmidt

Host:    Alperen-MacBook-Air.local (SSE4.2, 8 GB RAM)
Command: /private/tmp/butterfly_phylo_iqtree/bin/iqtree3 -s results/inheritance/nuclear.fasta -p results/inheritance/nuclear.nex -m MFP -B 1000 -T AUTO --prefix results/inheritance/nuclear --redo
Seed:    237580 (Using SPRNG - Scalable Parallel Random Number Generator)
Time:    Mon Sep 28 22:42:16 2026
Kernel:  SSE2 - auto-detect threads (8 CPU cores detected)

Reading partition model file results/inheritance/nuclear.nex ...
Partition file is in NEXUS format...
Reading alignment file results/inheritance/nuclear.fasta ... Fasta format detected
Reading fasta file: done in 0.000435114 secs using 79.06% CPU
Alignment most likely contains DNA/RNA sequences
Constructing alignment: done in 0.000838995 secs using 74.49% CPU
Alignment has 26 sequences with 692 columns, 340 distinct patterns
393 parsimony-informative, 74 singleton sites, 225 constant sites
                          Gap/Ambiguity  Composition  p-value
Analyzing sequences: done in 5.6982e-05 secs using 98.28% CPU
   1  Ampittia_dioscorides        0.00%    passed     64.33%
   2  Aporia_crataegi             0.00%    passed     38.61%
   3  Celaenorrhinus_maculosus    0.00%    passed     68.19%
   4  Ctenoptilum_vasava          0.00%    passed     19.65%
   5  Curetis_bulis               0.00%    passed     57.96%
   6  Danaus_plexippus            0.00%    passed     46.86%
   7  Eurema_hecabe               0.00%    passed     62.28%
   8  Gonepteryx_rhamni           0.00%    passed     83.00%
   9  Heteropterus_morpheus       0.00%    passed     36.92%
  10  Junonia_almana              0.00%    passed     57.83%
  11  Lycaena_phlaeas             0.00%    passed     60.16%
  12  Melitaea_cinxia             0.00%    passed     55.13%
  13  Notocrypta_curvifascia      0.00%    passed     97.30%
  14  Ochlodes_venata             0.00%    failed      3.28%
  15  Papilio_bianor              0.00%    passed     89.67%
  16  Papilio_glaucus             0.43%    passed     91.23%
  17  Papilio_machaon             0.00%    passed     97.95%
  18  Papilio_polytes             0.00%    passed     90.86%
  19  Papilio_xuthus              0.00%    failed      0.00%
  20  Parnara_guttata             0.00%    passed     59.34%
  21  Pieris_napi                 0.00%    passed     65.47%
  22  Pieris_rapae                0.00%    passed     33.37%
  23  Plebejus_argus              0.00%    failed      0.00%
  24  Pyrgus_malvae               0.14%    passed     78.04%
  25  Vanessa_cardui              0.00%    failed      0.00%
  26  Vanessa_indica              0.00%    passed     82.79%
****  TOTAL                       0.02%  4 sequences failed composition chi2 test (p-value<5%; df=3)
NOTE: No CharPartition defined, use all CharSets
Loading 2 partitions...
Subset	Type	Seqs	Sites	Infor	Invar	Model	Name
1		26	354	172	155	MFP	EF1a
2		26	338	221	70	MFP	wingless
Degree of missing data: 0.000


Create initial parsimony tree by phylogenetic likelihood library (PLL)... 0.002 seconds
Measuring multi-threading efficiency up to 8 CPU cores
Increase to 10 rounds for branch lengths
348 trees examined
Threads: 1 / Time: 8.013 sec / Speedup: 1.000 / Efficiency: 100% / LogL: -9125
Threads: 2 / Time: 11.071 sec / Speedup: 0.724 / Efficiency: 36% / LogL: -9125
Determining AUTO threadcount: done in 19.0841 secs using 96.29% CPU
BEST NUMBER OF THREADS: 1

Perform fast likelihood tree search using GTR+I+G model...
Estimate model parameters (epsilon = 5.000)
Initial log-likelihood: -8239.263
Current log-likelihood at step 1: -7715.629
WARNING: Too high (saturated) partition rates for proportional partition model!
Current log-likelihood at step 2: -7691.166
WARNING: Too high (saturated) partition rates for proportional partition model!
Current log-likelihood at step 3: -7689.713
Parameters optimization took 2 rounds (0.146 sec)

Perform nearest neighbor interchange...
Estimate model parameters (epsilon = 1.000)
Initial log-likelihood: -7681.976
WARNING: Too high (saturated) partition rates for proportional partition model!
Current log-likelihood at step 1: -7681.445
Partition-specific rates:  0.629 1.389
Parameters optimization took 0 rounds (0.026 sec)

Time for fast ML tree search: 0.203 seconds

NOTE: ModelFinder requires 2 MB RAM!
Selecting individual models for 2 charsets using BIC...
ModelFinder will allocate partition-specific threads based on partition sizes
Full partition model BIC score: 15751.802 (LnL: -7650.285  df:69)
Partition information was printed to results/inheritance/nuclear.best_scheme.nex
Partition information in Raxml format was printed to results/inheritance/nuclear.best_scheme

All model information printed to results/inheritance/nuclear.model.gz
CPU time for ModelFinder: 21.587 seconds (0h:0m:21s)
Wall-clock time for ModelFinder: 22.317 seconds (0h:0m:22s)
Generating 1000 samples for ultrafast bootstrap (seed: 237580)...

NOTE: 2 MB RAM (0 GB) is required!
Estimate model parameters (epsilon = 0.100)
Initial log-likelihood: -7647.811
WARNING: Too high (saturated) partition rates for proportional partition model!
Current log-likelihood at step 1: -7647.305
WARNING: Too high (saturated) partition rates for proportional partition model!
Current log-likelihood at step 2: -7646.908
WARNING: Too high (saturated) partition rates for proportional partition model!
Current log-likelihood at step 3: -7646.711
WARNING: Too high (saturated) partition rates for proportional partition model!
Current log-likelihood at step 4: -7646.627
Partition-specific rates:  0.656 1.360
Parameters optimization took 3 rounds (0.095 sec)

Wrote distance file to... 
Computing ML distances based on estimated model parameters...
Calculating distance matrix: done in 7.31945e-05 secs using 90.17% CPU
Computing ML distances took 0.000115 sec (of wall-clock time) 0.000089 sec (of CPU time)
Setting up auxiliary I and S matrices: done in 6.50883e-05 secs using 36.87% CPU
Constructing RapidNJ tree: done in 6.69956e-05 secs using 94.04% CPU
Computing RapidNJ tree took 0.000182 sec (of wall-clock time) 0.000106 sec (of CPU time)
Log-likelihood of RapidNJ tree: -8506.422
--------------------------------------------------------------------
|             INITIALIZING CANDIDATE TREE SET                      |
--------------------------------------------------------------------
Generating 98 parsimony trees... 0.251 second
Computing log-likelihood of 98 initial trees ... 0.305 seconds
Current best score: -7646.627

Do NNI search on 20 best initial trees
Estimate model parameters (epsilon = 0.100)
Initial log-likelihood: -7646.627
WARNING: Too high (saturated) partition rates for proportional partition model!
Current log-likelihood at step 1: -7646.562
Parameters optimization took 0 rounds (0.018 sec)

BETTER TREE FOUND at iteration 1: -7646.562
Estimate model parameters (epsilon = 0.100)
Initial log-likelihood: -7642.392
WARNING: Too high (saturated) partition rates for proportional partition model!
Current log-likelihood at step 1: -7641.785
WARNING: Too high (saturated) partition rates for proportional partition model!
Current log-likelihood at step 2: -7641.597
WARNING: Too high (saturated) partition rates for proportional partition model!
Current log-likelihood at step 3: -7641.528
Parameters optimization took 2 rounds (0.077 sec)

BETTER TREE FOUND at iteration 2: -7641.528
Estimate model parameters (epsilon = 0.100)
Initial log-likelihood: -7638.365
WARNING: Too high (saturated) partition rates for proportional partition model!
Current log-likelihood at step 1: -7637.638
WARNING: Too high (saturated) partition rates for proportional partition model!
Current log-likelihood at step 2: -7637.467
WARNING: Too high (saturated) partition rates for proportional partition model!
Current log-likelihood at step 3: -7637.386
Parameters optimization took 2 rounds (0.073 sec)

BETTER TREE FOUND at iteration 5: -7637.386
Iteration 10 / LogL: -7644.377 / Time: 0h:0m:23s
Estimate model parameters (epsilon = 0.100)
Initial log-likelihood: -7637.058
WARNING: Too high (saturated) partition rates for proportional partition model!
Current log-likelihood at step 1: -7636.646
WARNING: Too high (saturated) partition rates for proportional partition model!
Current log-likelihood at step 2: -7636.507
WARNING: Too high (saturated) partition rates for proportional partition model!
Current log-likelihood at step 3: -7636.459
Parameters optimization took 2 rounds (0.071 sec)

BETTER TREE FOUND at iteration 14: -7636.459
Iteration 20 / LogL: -7639.977 / Time: 0h:0m:24s
Finish initializing candidate tree set (16)
Current best tree score: -7636.459 / CPU time: 2.262
Number of iterations: 20
--------------------------------------------------------------------
|               OPTIMIZING CANDIDATE TREE SET                      |
--------------------------------------------------------------------
Iteration 30 / LogL: -7637.124 / Time: 0h:0m:25s (0h:0m:9s left)
Estimate model parameters (epsilon = 0.100)
Initial log-likelihood: -7636.377
WARNING: Too high (saturated) partition rates for proportional partition model!
Current log-likelihood at step 1: -7635.848
WARNING: Too high (saturated) partition rates for proportional partition model!
Current log-likelihood at step 2: -7635.727
WARNING: Too high (saturated) partition rates for proportional partition model!
Current log-likelihood at step 3: -7635.689
Parameters optimization took 2 rounds (0.222 sec)

BETTER TREE FOUND at iteration 31: -7635.689
Iteration 40 / LogL: -7636.627 / Time: 0h:0m:27s (0h:0m:11s left)
Estimate model parameters (epsilon = 0.100)
Initial log-likelihood: -7635.645
WARNING: Too high (saturated) partition rates for proportional partition model!
Current log-likelihood at step 1: -7635.144
WARNING: Too high (saturated) partition rates for proportional partition model!
Current log-likelihood at step 2: -7635.028
WARNING: Too high (saturated) partition rates for proportional partition model!
Current log-likelihood at step 3: -7634.992
Parameters optimization took 2 rounds (0.069 sec)

BETTER TREE FOUND at iteration 41: -7634.992
Iteration 50 / LogL: -7636.109 / Time: 0h:0m:29s (0h:0m:12s left)
Log-likelihood cutoff on original alignment: -7675.504
Iteration 60 / LogL: -7635.602 / Time: 0h:0m:30s (0h:0m:11s left)
Iteration 70 / LogL: -7636.362 / Time: 0h:0m:31s (0h:0m:9s left)
Iteration 80 / LogL: -7635.556 / Time: 0h:0m:31s (0h:0m:7s left)
Iteration 90 / LogL: -7635.759 / Time: 0h:0m:32s (0h:0m:6s left)
Iteration 100 / LogL: -7635.555 / Time: 0h:1m:9s (0h:0m:19s left)
Log-likelihood cutoff on original alignment: -7675.504
NOTE: Bootstrap correlation coefficient of split occurrence frequencies: 0.981
NOTE: UFBoot does not converge, continue at least 100 more iterations
Iteration 110 / LogL: -7635.555 / Time: 0h:1m:10s (0h:0m:39s left)
Iteration 120 / LogL: -7635.556 / Time: 0h:1m:11s (0h:0m:33s left)
Iteration 130 / LogL: -7635.555 / Time: 0h:1m:12s (0h:0m:27s left)
Iteration 140 / LogL: -7635.652 / Time: 0h:1m:13s (0h:0m:22s left)
Iteration 150 / LogL: -7635.598 / Time: 0h:1m:14s (0h:0m:17s left)
Log-likelihood cutoff on original alignment: -7676.360
Iteration 160 / LogL: -7645.396 / Time: 0h:1m:15s (0h:0m:13s left)
Iteration 170 / LogL: -7635.556 / Time: 0h:1m:16s (0h:0m:9s left)
Iteration 180 / LogL: -7635.555 / Time: 0h:1m:17s (0h:0m:6s left)
Iteration 190 / LogL: -7635.648 / Time: 0h:1m:18s (0h:0m:2s left)
Iteration 200 / LogL: -7635.602 / Time: 0h:1m:19s (0h:0m:0s left)
Log-likelihood cutoff on original alignment: -7675.504
NOTE: Bootstrap correlation coefficient of split occurrence frequencies: 0.986
NOTE: UFBoot does not converge, continue at least 100 more iterations
Iteration 210 / LogL: -7635.555 / Time: 0h:1m:20s (0h:0m:24s left)
Iteration 220 / LogL: -7635.556 / Time: 0h:4m:8s (0h:1m:22s left)
Iteration 230 / LogL: -7635.556 / Time: 0h:4m:9s (0h:1m:9s left)
Iteration 240 / LogL: -7636.187 / Time: 0h:4m:11s (0h:0m:57s left)
Iteration 250 / LogL: -7635.556 / Time: 0h:4m:14s (0h:0m:46s left)
Log-likelihood cutoff on original alignment: -7675.504
Iteration 260 / LogL: -7635.577 / Time: 0h:4m:15s (0h:0m:36s left)
Iteration 270 / LogL: -7635.581 / Time: 0h:4m:16s (0h:0m:26s left)
Iteration 280 / LogL: -7635.649 / Time: 0h:4m:17s (0h:0m:16s left)
Iteration 290 / LogL: -7635.597 / Time: 0h:4m:18s (0h:0m:8s left)
Iteration 300 / LogL: -7635.556 / Time: 0h:4m:20s (0h:0m:0s left)
Log-likelihood cutoff on original alignment: -7675.504
NOTE: Bootstrap correlation coefficient of split occurrence frequencies: 0.994
TREE SEARCH COMPLETED AFTER 300 ITERATIONS / Time: 0h:4m:20s

--------------------------------------------------------------------
|                    FINALIZING TREE SEARCH                        |
--------------------------------------------------------------------
Performs final model parameters optimization
Estimate model parameters (epsilon = 0.010)
Initial log-likelihood: -7634.992
WARNING: Too high (saturated) partition rates for proportional partition model!
Current log-likelihood at step 1: -7634.973
WARNING: Too high (saturated) partition rates for proportional partition model!
Current log-likelihood at step 2: -7634.964
Partition-specific rates:  0.645 1.372
Parameters optimization took 1 rounds (0.045 sec)

Partition information was printed to results/inheritance/nuclear.best_model.nex
BEST SCORE FOUND : -7634.964
Creating bootstrap support values...
Split supports printed to NEXUS file results/inheritance/nuclear.splits.nex
Total tree length: 15.802

Total number of iterations: 300
CPU time used for tree search: 33.012 sec (0h:0m:33s)
Wall-clock time used for tree search: 237.634 sec (0h:3m:57s)
Total CPU time used: 54.885 sec (0h:0m:54s)
Total wall-clock time used: 260.315 sec (0h:4m:20s)

Computing bootstrap consensus tree...
Reading input file results/inheritance/nuclear.splits.nex...
26 taxa and 282 splits.
Consensus tree written to results/inheritance/nuclear.contree
Reading input trees file results/inheritance/nuclear.contree
Log-likelihood of consensus tree: -7635.627

Analysis results written to: 
  IQ-TREE report:                results/inheritance/nuclear.iqtree
  Maximum-likelihood tree:       results/inheritance/nuclear.treefile
  Likelihood distances:          results/inheritance/nuclear.mldist
  Best partitioning scheme:      results/inheritance/nuclear.best_scheme.nex
           in RAxML format:      results/inheritance/nuclear.best_scheme

Ultrafast bootstrap approximation results written to:
  Split support values:          results/inheritance/nuclear.splits.nex
  Consensus tree:                results/inheritance/nuclear.contree
  Screen log file:               results/inheritance/nuclear.log

Date and Time: Mon Sep 28 22:46:36 2026
