2026-06-22 16:13:06,525 [INFO] Processing: Papilio machaon
2026-06-22 16:13:07,478 [INFO]   Papilio machaon | COI → 5 hit(s)
2026-06-22 16:13:08,463 [INFO]     ✓ COI extracted (658 bp) from PV173971.1
2026-06-22 16:13:09,186 [INFO]   Papilio machaon | COII → 5 hit(s)
2026-06-22 16:13:10,593 [INFO]     ✓ COII extracted (682 bp) from MK602655.1
2026-06-22 16:13:11,513 [INFO]   Papilio machaon | CytB → 5 hit(s)
2026-06-22 16:13:12,672 [INFO]     ✓ CytB extracted (1149 bp) from NC_018047.1
2026-06-22 16:13:13,411 [INFO]   Papilio machaon | ND5 → 5 hit(s)
2026-06-22 16:13:14,553 [INFO]     ✓ ND5 extracted (425 bp) from AB175844.1
2026-06-22 16:13:14,554 [INFO] Processing: Papilio xuthus
2026-06-22 16:13:15,289 [INFO]   Papilio xuthus | COI → 5 hit(s)
2026-06-22 16:13:16,282 [INFO]     ✓ COI extracted (658 bp) from MW085739.1
2026-06-22 16:13:17,053 [INFO]   Papilio xuthus | COII → 5 hit(s)
2026-06-22 16:13:18,134 [INFO]     ✓ COII extracted (726 bp) from LC189138.1
2026-06-22 16:13:18,871 [INFO]   Papilio xuthus | CytB → 5 hit(s)
2026-06-22 16:13:20,055 [INFO]     ✓ CytB extracted (1146 bp) from NC_029244.1
2026-06-22 16:13:20,794 [INFO]   Papilio xuthus | ND5 → 5 hit(s)
2026-06-22 16:13:22,068 [INFO]     ✓ ND5 extracted (877 bp) from AB096804.1
2026-06-22 16:13:22,068 [INFO] Processing: Papilio glaucus
2026-06-22 16:13:22,811 [INFO]   Papilio glaucus | COI → 5 hit(s)
2026-06-22 16:13:23,804 [INFO]     ✓ COI extracted (658 bp) from HQ985596.1
2026-06-22 16:13:24,547 [INFO]   Papilio glaucus | COII → 5 hit(s)
2026-06-22 16:13:25,634 [INFO]     ✓ COII extracted (682 bp) from AF044013.1
2026-06-22 16:13:26,401 [INFO]   Papilio glaucus | CytB → 2 hit(s)
2026-06-22 16:13:27,436 [INFO]     ✓ CytB extracted (1155 bp) from NC_027252.1
2026-06-22 16:13:28,179 [INFO]   Papilio glaucus | ND5 → 3 hit(s)
2026-06-22 16:13:29,293 [INFO]     ✓ ND5 extracted (1719 bp) from NC_027252.1
2026-06-22 16:13:29,293 [INFO] Processing: Papilio polytes
2026-06-22 16:13:30,041 [INFO]   Papilio polytes | COI → 5 hit(s)
2026-06-22 16:13:31,155 [INFO]     ✓ COI extracted (633 bp) from PZ111109.1
2026-06-22 16:13:31,881 [INFO]   Papilio polytes | COII → 5 hit(s)
2026-06-22 16:13:32,948 [INFO]     ✓ COII extracted (726 bp) from LC189134.1
2026-06-22 16:13:33,939 [INFO]   Papilio polytes | CytB → 4 hit(s)
2026-06-22 16:13:35,295 [INFO]     ✓ CytB extracted (1149 bp) from NC_024742.1
2026-06-22 16:13:36,072 [INFO]   Papilio polytes | ND5 → 5 hit(s)
2026-06-22 16:13:37,385 [INFO]     ✓ ND5 extracted (1722 bp) from NC_024742.1
2026-06-22 16:13:37,386 [INFO] Processing: Papilio bianor
2026-06-22 16:13:38,134 [INFO]   Papilio bianor | COI → 5 hit(s)
2026-06-22 16:13:39,116 [INFO]     ✓ COI extracted (658 bp) from MN727320.1
2026-06-22 16:13:39,850 [INFO]   Papilio bianor | COII → 5 hit(s)
2026-06-22 16:13:40,802 [INFO]     ✓ COII extracted (645 bp) from DQ240869.1
2026-06-22 16:13:41,823 [INFO]   Papilio bianor | CytB → 4 hit(s)
2026-06-22 16:13:45,509 [INFO]     ✓ CytB extracted (1149 bp) from NC_018040.1
2026-06-22 16:13:46,500 [INFO]   Papilio bianor | ND5 → 5 hit(s)
2026-06-22 16:13:47,600 [INFO]     ✓ ND5 extracted (425 bp) from AB175840.1
2026-06-22 16:13:47,600 [INFO] Processing: Pieris rapae
2026-06-22 16:13:48,480 [INFO]   Pieris rapae | COI → 5 hit(s)
2026-06-22 16:13:49,470 [INFO]     ✓ COI extracted (627 bp) from PZ027487.1
2026-06-22 16:13:50,219 [INFO]   Pieris rapae | COII → 1 hit(s)
2026-06-22 16:13:52,545 [INFO]     ✓ COII extracted (626 bp) from GQ268364.1
2026-06-22 16:13:53,808 [INFO]   Pieris rapae | CytB → 5 hit(s)
2026-06-22 16:13:55,061 [INFO]     ✓ CytB extracted (1152 bp) from PX893061.1
2026-06-22 16:13:55,955 [INFO]   Pieris rapae | ND5 → 5 hit(s)
2026-06-22 16:13:57,290 [INFO]     ✓ ND5 extracted (1725 bp) from PX893061.1
2026-06-22 16:13:57,290 [INFO] Processing: Pieris napi
2026-06-22 16:13:58,029 [INFO]   Pieris napi | COI → 5 hit(s)
2026-06-22 16:13:59,247 [INFO]     ✓ COI extracted (610 bp) from OR891179.1
2026-06-22 16:14:00,181 [INFO]   Pieris napi | COII → 5 hit(s)
2026-06-22 16:14:01,511 [INFO]     ✓ COII extracted (589 bp) from ON216400.1
2026-06-22 16:14:02,306 [INFO]   Pieris napi | CytB → 5 hit(s)
2026-06-22 16:14:03,706 [INFO]     ✓ CytB extracted (1152 bp) from NC_061692.1
2026-06-22 16:14:04,691 [INFO]   Pieris napi | ND5 → 5 hit(s)
2026-06-22 16:14:05,980 [INFO]     ✓ ND5 extracted (425 bp) from AB175855.1
2026-06-22 16:14:05,980 [INFO] Processing: Gonepteryx rhamni
2026-06-22 16:14:06,919 [INFO]   Gonepteryx rhamni | COI → 5 hit(s)
2026-06-22 16:14:08,185 [INFO]     ✓ COI extracted (640 bp) from OR890776.1
2026-06-22 16:14:09,121 [INFO]   Gonepteryx rhamni | COII → 5 hit(s)
2026-06-22 16:14:10,530 [INFO]     ✓ COII extracted (676 bp) from NC_026046.1
2026-06-22 16:14:11,273 [INFO]   Gonepteryx rhamni | CytB → 5 hit(s)
2026-06-22 16:14:12,393 [INFO]     ✓ CytB extracted (1147 bp) from NC_026046.1
2026-06-22 16:14:13,326 [INFO]   Gonepteryx rhamni | ND5 → 3 hit(s)
2026-06-22 16:14:14,693 [INFO]     ✓ ND5 extracted (1741 bp) from NC_026046.1
2026-06-22 16:14:14,693 [INFO] Processing: Delias pasithoe
2026-06-22 16:14:15,448 [INFO]   Delias pasithoe | COI → 5 hit(s)
2026-06-22 16:14:16,432 [INFO]     ✓ COI extracted (635 bp) from MK317930.1
2026-06-22 16:14:17,369 [INFO]   Delias pasithoe | COII → 3 hit(s)
2026-06-22 16:14:18,544 [INFO]     ✓ COII extracted (673 bp) from KM669574.1
2026-06-22 16:14:19,508 [INFO]   Delias pasithoe | CytB → 5 hit(s)
2026-06-22 16:14:21,043 [INFO]     ✓ CytB extracted (1152 bp) from NC_047457.1
2026-06-22 16:14:21,788 [INFO]   Delias pasithoe | ND5 → 5 hit(s)
2026-06-22 16:14:23,083 [INFO]     ✓ ND5 extracted (877 bp) from AB055832.1
2026-06-22 16:14:23,083 [INFO] Processing: Eurema hecabe
2026-06-22 16:14:24,019 [INFO]   Eurema hecabe | COI → 5 hit(s)
2026-06-22 16:14:25,182 [INFO]     ✓ COI extracted (599 bp) from LC699625.1
2026-06-22 16:14:25,926 [INFO]   Eurema hecabe | COII → 3 hit(s)
2026-06-22 16:14:27,026 [INFO]     ✓ COII extracted (676 bp) from NC_022685.1
2026-06-22 16:14:27,759 [INFO]   Eurema hecabe | CytB → 5 hit(s)
2026-06-22 16:14:28,883 [INFO]     ✓ CytB extracted (1147 bp) from NC_022685.1
2026-06-22 16:14:29,849 [INFO]   Eurema hecabe | ND5 → 5 hit(s)
2026-06-22 16:14:30,929 [INFO]     ✓ ND5 extracted (425 bp) from AB175861.1
2026-06-22 16:14:30,929 [INFO] Processing: Danaus plexippus
2026-06-22 16:14:31,879 [INFO]   Danaus plexippus | COI → 5 hit(s)
2026-06-22 16:14:32,930 [INFO]     ✓ COI extracted (658 bp) from OP587026.1
2026-06-22 16:14:33,675 [INFO]   Danaus plexippus | COII → 5 hit(s)
2026-06-22 16:14:34,685 [INFO]     ✓ COII extracted (662 bp) from AY569157.1
2026-06-22 16:14:35,422 [INFO]   Danaus plexippus | CytB → 5 hit(s)
2026-06-22 16:14:36,505 [INFO]     ✓ CytB extracted (1149 bp) from NC_021452.1
2026-06-22 16:14:37,243 [INFO]   Danaus plexippus | ND5 → 2 hit(s)
2026-06-22 16:14:38,352 [INFO]     ✓ ND5 extracted (1735 bp) from NC_021452.1
2026-06-22 16:14:38,353 [INFO] Processing: Vanessa indica
2026-06-22 16:14:39,095 [INFO]   Vanessa indica | COI → 5 hit(s)
2026-06-22 16:14:40,115 [INFO]     ✓ COI extracted (649 bp) from OQ651279.1
2026-06-22 16:14:40,858 [INFO]   Vanessa indica | COII → 0 hit(s)
2026-06-22 16:14:40,859 [WARNING]   No hits for Vanessa indica | COII
2026-06-22 16:14:41,607 [INFO]   Vanessa indica | CytB → 5 hit(s)
2026-06-22 16:14:42,947 [INFO]     ✓ CytB extracted (1152 bp) from NC_038157.1
2026-06-22 16:14:43,683 [INFO]   Vanessa indica | ND5 → 5 hit(s)
2026-06-22 16:14:44,898 [INFO]     ✓ ND5 extracted (425 bp) from AB175865.1
2026-06-22 16:14:44,898 [INFO] Processing: Vanessa cardui
2026-06-22 16:14:45,827 [INFO]   Vanessa cardui | COI → 5 hit(s)
2026-06-22 16:14:47,326 [INFO]     ✓ COI extracted (660 bp) from PV080531.1
2026-06-22 16:14:48,264 [INFO]   Vanessa cardui | COII → 1 hit(s)
2026-06-22 16:14:49,206 [INFO]     ✓ COII extracted (626 bp) from GQ268357.1
2026-06-22 16:14:51,007 [INFO]   Vanessa cardui | CytB → 5 hit(s)
2026-06-22 16:14:52,562 [INFO]     ✓ CytB extracted (1152 bp) from PQ540662.1
2026-06-22 16:14:53,605 [INFO]   Vanessa cardui | ND5 → 5 hit(s)
2026-06-22 16:14:54,869 [INFO]     ✓ ND5 extracted (1732 bp) from PQ540662.1
2026-06-22 16:14:54,869 [INFO] Processing: Junonia almana
2026-06-22 16:14:55,607 [INFO]   Junonia almana | COI → 5 hit(s)
2026-06-22 16:14:56,885 [INFO]     ✓ COI extracted (628 bp) from OQ646651.1
2026-06-22 16:14:57,648 [INFO]   Junonia almana | COII → 0 hit(s)
2026-06-22 16:14:57,648 [WARNING]   No hits for Junonia almana | COII
2026-06-22 16:14:58,394 [INFO]   Junonia almana | CytB → 3 hit(s)
2026-06-22 16:14:59,511 [INFO]     ✓ CytB extracted (1147 bp) from NC_024407.1
2026-06-22 16:15:00,566 [INFO]   Junonia almana | ND5 → 3 hit(s)
2026-06-22 16:15:01,681 [INFO]     ✓ ND5 extracted (1732 bp) from NC_024407.1
2026-06-22 16:15:01,681 [INFO] Processing: Melitaea cinxia
2026-06-22 16:15:02,414 [INFO]   Melitaea cinxia | COI → 5 hit(s)
2026-06-22 16:15:03,764 [INFO]     ✓ COI extracted (657 bp) from OR891065.1
2026-06-22 16:15:04,501 [INFO]   Melitaea cinxia | COII → 0 hit(s)
2026-06-22 16:15:04,501 [WARNING]   No hits for Melitaea cinxia | COII
2026-06-22 16:15:05,239 [INFO]   Melitaea cinxia | CytB → 3 hit(s)
2026-06-22 16:15:06,677 [INFO]     ✓ CytB extracted (1147 bp) from NC_018029.1
2026-06-22 16:15:07,405 [INFO]   Melitaea cinxia | ND5 → 3 hit(s)
2026-06-22 16:15:08,780 [INFO]     ✓ ND5 extracted (1735 bp) from NC_018029.1
2026-06-22 16:15:08,780 [INFO] Processing: Lycaena phlaeas
2026-06-22 16:15:09,511 [INFO]   Lycaena phlaeas | COI → 5 hit(s)
2026-06-22 16:15:10,572 [INFO]     ✓ COI extracted (639 bp) from OR890860.1
2026-06-22 16:15:11,527 [INFO]   Lycaena phlaeas | COII → 3 hit(s)
2026-06-22 16:15:12,700 [INFO]     ✓ COII extracted (650 bp) from FJ490458.1
2026-06-22 16:15:13,478 [INFO]   Lycaena phlaeas | CytB → 2 hit(s)
2026-06-22 16:15:14,604 [INFO]     ✓ CytB extracted (1146 bp) from NC_023087.1
2026-06-22 16:15:15,532 [INFO]   Lycaena phlaeas | ND5 → 4 hit(s)
2026-06-22 16:15:16,643 [INFO]     ✓ ND5 extracted (1736 bp) from NC_023087.1
2026-06-22 16:15:16,643 [INFO] Processing: Arhopala japonica
2026-06-22 16:15:17,671 [INFO]   Arhopala japonica | COI → 5 hit(s)
2026-06-22 16:15:18,794 [INFO]     ✓ COI extracted (1323 bp) from AB195513.1
2026-06-22 16:15:19,572 [INFO]   Arhopala japonica | COII → 1 hit(s)
2026-06-22 16:15:20,678 [INFO]     ✓ COII extracted (679 bp) from AB195513.1
2026-06-22 16:15:21,614 [INFO]   Arhopala japonica | CytB → 0 hit(s)
2026-06-22 16:15:21,614 [WARNING]   No hits for Arhopala japonica | CytB
2026-06-22 16:15:22,389 [INFO]   Arhopala japonica | ND5 → 3 hit(s)
2026-06-22 16:15:23,563 [INFO]     ✓ ND5 extracted (815 bp) from AB107978.1
2026-06-22 16:15:23,563 [INFO] Processing: Curetis bulis
2026-06-22 16:15:24,502 [INFO]   Curetis bulis | COI → 3 hit(s)
2026-06-22 16:15:25,661 [INFO]     ✓ COI extracted (980 bp) from DQ018942.1
2026-06-22 16:15:26,837 [INFO]   Curetis bulis | COII → 1 hit(s)
2026-06-22 16:15:27,808 [INFO]     ✓ COII extracted (620 bp) from EU024665.1
2026-06-22 16:15:28,540 [INFO]   Curetis bulis | CytB → 2 hit(s)
2026-06-22 16:15:29,850 [INFO]     ✓ CytB extracted (1128 bp) from NC_023088.1
2026-06-22 16:15:30,980 [INFO]   Curetis bulis | ND5 → 2 hit(s)
2026-06-22 16:15:32,271 [INFO]     ✓ ND5 extracted (1740 bp) from NC_023088.1
2026-06-22 16:15:32,271 [INFO] Processing: Ampittia dioscorides
2026-06-22 16:15:33,014 [INFO]   Ampittia dioscorides | COI → 5 hit(s)
2026-06-22 16:15:34,481 [INFO]     ✓ COI extracted (706 bp) from PP668410.1
2026-06-22 16:15:35,691 [INFO]   Ampittia dioscorides | COII → 4 hit(s)
2026-06-22 16:15:36,682 [INFO]     ✓ COII extracted (156 bp) from PP668410.1
2026-06-22 16:15:37,537 [INFO]   Ampittia dioscorides | CytB → 2 hit(s)
2026-06-22 16:15:39,008 [INFO]     ✓ CytB extracted (390 bp) from KM975708.1
2026-06-22 16:15:39,746 [INFO]   Ampittia dioscorides | ND5 → 1 hit(s)
2026-06-22 16:15:40,950 [INFO]     ✓ ND5 extracted (1738 bp) from KM102732.1
2026-06-22 16:15:40,950 [INFO] Processing: Lerema accius
2026-06-22 16:15:41,938 [INFO]   Lerema accius | COI → 5 hit(s)
2026-06-22 16:15:43,361 [INFO]     ✓ COI extracted (1531 bp) from NC_029826.1
2026-06-22 16:15:44,807 [INFO]   Lerema accius | COII → 2 hit(s)
2026-06-22 16:15:47,574 [INFO]     ✓ COII extracted (679 bp) from NC_029826.1
2026-06-22 16:15:48,313 [INFO]   Lerema accius | CytB → 2 hit(s)
2026-06-22 16:15:49,687 [INFO]     ✓ CytB extracted (1152 bp) from NC_029826.1
2026-06-22 16:15:50,850 [INFO]   Lerema accius | ND5 → 2 hit(s)
2026-06-22 16:15:51,951 [INFO]     ✓ ND5 extracted (1740 bp) from NC_029826.1
2026-06-22 16:15:51,954 [INFO] Wrote 20 sequences → data/raw/COI.fasta
2026-06-22 16:15:51,955 [INFO] Wrote 17 sequences → data/raw/COII.fasta
2026-06-22 16:15:51,956 [INFO] Wrote 19 sequences → data/raw/CytB.fasta
2026-06-22 16:15:51,957 [INFO] Wrote 20 sequences → data/raw/ND5.fasta
2026-06-22 16:15:51,978 [INFO] Metadata written → data/raw/metadata.csv (76 rows)
2026-06-22 16:15:51,978 [INFO] Step 1 complete.
