2026-06-22 16:16:01,733 [INFO] Loaded COI: 2 species, alignment length 1536 bp
2026-06-22 16:16:01,733 [INFO] Loaded COII: 15 species, alignment length 740 bp
2026-06-22 16:16:01,734 [INFO] Loaded CytB: 18 species, alignment length 1158 bp
2026-06-22 16:16:01,734 [INFO] Loaded ND5: 12 species, alignment length 1747 bp
2026-06-22 16:16:01,734 [INFO] Total unique species across all genes: 22
2026-06-22 16:16:01,734 [WARNING] Species Ampittia_dioscorides missing in COI — filling with '?'
2026-06-22 16:16:01,734 [WARNING] Species Curetis_bulis missing in COI — filling with '?'
2026-06-22 16:16:01,734 [WARNING] Species Danaus_plexippus missing in COI — filling with '?'
2026-06-22 16:16:01,734 [WARNING] Species Danaus_plexippus_megalippe missing in COI — filling with '?'
2026-06-22 16:16:01,734 [WARNING] Species Delias_pasithoe missing in COI — filling with '?'
2026-06-22 16:16:01,734 [WARNING] Species Eurema_hecabe missing in COI — filling with '?'
2026-06-22 16:16:01,734 [WARNING] Species Gonepteryx_rhamni missing in COI — filling with '?'
2026-06-22 16:16:01,734 [WARNING] Species Junonia_almana missing in COI — filling with '?'
2026-06-22 16:16:01,734 [WARNING] Species Lycaena_phlaeas missing in COI — filling with '?'
2026-06-22 16:16:01,735 [WARNING] Species Melitaea_cinxia missing in COI — filling with '?'
2026-06-22 16:16:01,735 [WARNING] Species Papilio_bianor missing in COI — filling with '?'
2026-06-22 16:16:01,735 [WARNING] Species Papilio_glaucus missing in COI — filling with '?'
2026-06-22 16:16:01,735 [WARNING] Species Papilio_machaon missing in COI — filling with '?'
2026-06-22 16:16:01,735 [WARNING] Species Papilio_machaon_annae missing in COI — filling with '?'
2026-06-22 16:16:01,735 [WARNING] Species Papilio_polytes missing in COI — filling with '?'
2026-06-22 16:16:01,735 [WARNING] Species Papilio_xuthus missing in COI — filling with '?'
2026-06-22 16:16:01,735 [WARNING] Species Pieris_napi_napi missing in COI — filling with '?'
2026-06-22 16:16:01,735 [WARNING] Species Pieris_rapae missing in COI — filling with '?'
2026-06-22 16:16:01,735 [WARNING] Species Vanessa_cardui missing in COI — filling with '?'
2026-06-22 16:16:01,735 [WARNING] Species Vanessa_indica missing in COI — filling with '?'
2026-06-22 16:16:01,735 [WARNING] Species Ampittia_dioscorides missing in COII — filling with '?'
2026-06-22 16:16:01,735 [WARNING] Species Danaus_plexippus missing in COII — filling with '?'
2026-06-22 16:16:01,735 [WARNING] Species Junonia_almana missing in COII — filling with '?'
2026-06-22 16:16:01,735 [WARNING] Species Melitaea_cinxia missing in COII — filling with '?'
2026-06-22 16:16:01,735 [WARNING] Species Papilio_machaon missing in COII — filling with '?'
2026-06-22 16:16:01,735 [WARNING] Species Pieris_napi_napi missing in COII — filling with '?'
2026-06-22 16:16:01,735 [WARNING] Species Vanessa_indica missing in COII — filling with '?'
2026-06-22 16:16:01,735 [WARNING] Species Ampittia_dioscorides missing in CytB — filling with '?'
2026-06-22 16:16:01,735 [WARNING] Species Arhopala_japonica missing in CytB — filling with '?'
2026-06-22 16:16:01,735 [WARNING] Species Danaus_plexippus_megalippe missing in CytB — filling with '?'
2026-06-22 16:16:01,735 [WARNING] Species Papilio_machaon_annae missing in CytB — filling with '?'
2026-06-22 16:16:01,735 [WARNING] Species Arhopala_japonica missing in ND5 — filling with '?'
2026-06-22 16:16:01,735 [WARNING] Species Danaus_plexippus_megalippe missing in ND5 — filling with '?'
2026-06-22 16:16:01,735 [WARNING] Species Delias_pasithoe missing in ND5 — filling with '?'
2026-06-22 16:16:01,735 [WARNING] Species Eurema_hecabe missing in ND5 — filling with '?'
2026-06-22 16:16:01,736 [WARNING] Species Papilio_bianor missing in ND5 — filling with '?'
2026-06-22 16:16:01,736 [WARNING] Species Papilio_machaon missing in ND5 — filling with '?'
2026-06-22 16:16:01,736 [WARNING] Species Papilio_machaon_annae missing in ND5 — filling with '?'
2026-06-22 16:16:01,736 [WARNING] Species Papilio_xuthus missing in ND5 — filling with '?'
2026-06-22 16:16:01,736 [WARNING] Species Pieris_napi_napi missing in ND5 — filling with '?'
2026-06-22 16:16:01,736 [WARNING] Species Vanessa_indica missing in ND5 — filling with '?'
2026-06-22 16:16:01,737 [INFO] Supermatrix written → data/concatenated/supermatrix.fasta  (22 species × 5181 bp)
2026-06-22 16:16:01,738 [INFO] Partitions written → data/concatenated/partitions.txt
2026-06-22 16:16:01,738 [INFO] ─── Partition summary ───
2026-06-22 16:16:01,738 [INFO]   COI         1 –  1536  (1536 bp)
2026-06-22 16:16:01,738 [INFO]   COII     1537 –  2276  (740 bp)
2026-06-22 16:16:01,738 [INFO]   CytB     2277 –  3434  (1158 bp)
2026-06-22 16:16:01,738 [INFO]   ND5      3435 –  5181  (1747 bp)
2026-06-22 16:16:01,738 [INFO]   TOTAL                5181 bp
2026-06-22 16:16:01,738 [INFO] Step 5 complete.
