2026-06-22 16:16:01,823 [INFO] IQ-TREE found: /opt/miniconda3/bin/iqtree
2026-06-22 16:16:01,823 [INFO] IQ-TREE command:
  /opt/miniconda3/bin/iqtree -s data/concatenated/supermatrix.fasta -p data/concatenated/partitions.txt -m MFP -B 1000 -T AUTO --prefix results/tree/butterfly --redo
2026-06-22 16:17:10,848 [INFO] IQ-TREE finished successfully.
2026-06-22 16:17:10,850 [INFO] Best-fit model: see log
2026-06-22 16:17:11,137 [INFO] Bootstrap support — min: 44.0, max: 100.0, mean: 73.5 (n=19 nodes)
2026-06-22 16:17:11,137 [INFO] Output files in: results/tree/
2026-06-22 16:17:11,137 [INFO]   butterfly.best_model.nex
2026-06-22 16:17:11,137 [INFO]   butterfly.best_scheme
2026-06-22 16:17:11,137 [INFO]   butterfly.best_scheme.nex
2026-06-22 16:17:11,137 [INFO]   butterfly.bionj
2026-06-22 16:17:11,137 [INFO]   butterfly.ckp.gz
2026-06-22 16:17:11,137 [INFO]   butterfly.contree
2026-06-22 16:17:11,137 [INFO]   butterfly.iqtree
2026-06-22 16:17:11,137 [INFO]   butterfly.log
2026-06-22 16:17:11,137 [INFO]   butterfly.mldist
2026-06-22 16:17:11,138 [INFO]   butterfly.model.gz
2026-06-22 16:17:11,138 [INFO]   butterfly.splits.nex
2026-06-22 16:17:11,138 [INFO]   butterfly.treefile
2026-06-22 16:17:11,138 [INFO] Step 6 complete.
