IQ-TREE version 3.1.3 for MacOS ARM 64-bit built Jul 26 2026
Developed by Bui Quang Minh, Thomas Wong, Nhan Ly-Trong, Huaiyan Ren
Contributed by Lam-Tung Nguyen, Dominik Schrempf, Chris Bielow,
Olga Chernomor, Michael Woodhams, Diep Thi Hoang, Heiko Schmidt

Host:    Alperen-MacBook-Air.local (SSE4.2, 8 GB RAM)
Command: /private/tmp/butterfly_phylo_iqtree/bin/iqtree3 -s data/concatenated/supermatrix.fasta -p data/concatenated/partitions.txt -m MFP -B 1000 -T AUTO --prefix results/tree/butterfly --redo
Seed:    542168 (Using SPRNG - Scalable Parallel Random Number Generator)
Time:    Mon Sep 28 22:38:04 2026
Kernel:  SSE2 - auto-detect threads (8 CPU cores detected)

Reading partition model file data/concatenated/partitions.txt ...
Partition file is in NEXUS format...
Reading alignment file data/concatenated/supermatrix.fasta ... Fasta format detected
Reading fasta file: done in 0.00990295 secs using 43.98% CPU
Alignment most likely contains DNA/RNA sequences
Constructing alignment: done in 0.189072 secs using 5.095% CPU
Alignment has 26 sequences with 5651 columns, 2324 distinct patterns
2225 parsimony-informative, 758 singleton sites, 2668 constant sites
                          Gap/Ambiguity  Composition  p-value
Analyzing sequences: done in 0.141217 secs using 0.3689% CPU
   1  Ampittia_dioscorides        0.00%    passed     69.02%
   2  Aporia_crataegi             0.00%    passed     59.93%
   3  Celaenorrhinus_maculosus    0.00%    passed     70.66%
   4  Ctenoptilum_vasava          0.00%    passed     29.68%
   5  Curetis_bulis               0.00%    passed     44.91%
   6  Danaus_plexippus            0.00%    passed     66.54%
   7  Eurema_hecabe               0.00%    passed     72.54%
   8  Gonepteryx_rhamni           0.00%    passed     71.49%
   9  Heteropterus_morpheus       0.00%    passed     86.03%
  10  Junonia_almana              0.00%    passed     94.85%
  11  Lycaena_phlaeas             0.00%    passed     10.75%
  12  Melitaea_cinxia             0.00%    passed     80.27%
  13  Notocrypta_curvifascia      0.00%    passed     48.48%
  14  Ochlodes_venata             0.00%    passed     73.22%
  15  Papilio_bianor              0.00%    passed     92.92%
  16  Papilio_glaucus             0.05%    passed     94.26%
  17  Papilio_machaon             0.00%    passed     86.34%
  18  Papilio_polytes             0.00%    passed     82.68%
  19  Papilio_xuthus              0.02%    passed     77.46%
  20  Parnara_guttata             0.00%    passed     74.75%
  21  Pieris_napi                 0.00%    passed     80.77%
  22  Pieris_rapae                0.00%    passed     56.95%
  23  Plebejus_argus              0.00%    passed     98.64%
  24  Pyrgus_malvae               0.02%    passed     47.98%
  25  Vanessa_cardui              0.00%    failed      2.14%
  26  Vanessa_indica              0.00%    passed     96.56%
****  TOTAL                       0.00%  1 sequences failed composition chi2 test (p-value<5%; df=3)
NOTE: No CharPartition defined, use all CharSets
Loading 6 partitions...
Subset	Type	Seqs	Sites	Infor	Invar	Model	Name
1		26	1512	486	911	MFP	COI
2		26	614	210	170	MFP	COII
3		26	1119	451	566	MFP	CytB
4		26	1714	685	796	MFP	ND5
5		26	354	172	155	MFP	EF1a
6		26	338	221	70	MFP	wingless
Degree of missing data: 0.000


Create initial parsimony tree by phylogenetic likelihood library (PLL)... 0.019 seconds
Measuring multi-threading efficiency up to 8 CPU cores
Increase to 10 rounds for branch lengths
49 trees examined
Threads: 1 / Time: 8.023 sec / Speedup: 1.000 / Efficiency: 100% / LogL: -60204
Threads: 2 / Time: 4.901 sec / Speedup: 1.637 / Efficiency: 82% / LogL: -60204
Threads: 3 / Time: 5.309 sec / Speedup: 1.511 / Efficiency: 50% / LogL: -60204
Threads: 4 / Time: 4.995 sec / Speedup: 1.606 / Efficiency: 40% / LogL: -60204
Determining AUTO threadcount: done in 23.2303 secs using 158.7% CPU
BEST NUMBER OF THREADS: 2

Perform fast likelihood tree search using GTR+I+G model...
Estimate model parameters (epsilon = 5.000)
Initial log-likelihood: -57603.027
Current log-likelihood at step 1: -55074.565
Current log-likelihood at step 2: -54863.661
Current log-likelihood at step 3: -54852.546
Current log-likelihood at step 4: -54845.937
Current log-likelihood at step 5: -54839.259
Current log-likelihood at step 6: -54832.005
Current log-likelihood at step 7: -54825.212
Current log-likelihood at step 8: -54820.503
Parameters optimization took 7 rounds (1.065 sec)


WARNING: Estimated model parameters are at boundary that can cause numerical instability!

Perform nearest neighbor interchange...
Estimate model parameters (epsilon = 1.000)
Initial log-likelihood: -54797.994
Current log-likelihood at step 1: -54794.451
Current log-likelihood at step 2: -54792.218
Current log-likelihood at step 3: -54790.661
Current log-likelihood at step 4: -54789.560
Current log-likelihood at step 5: -54788.746
Partition-specific rates:  0.815 1.026 1.499 0.808 0.701 1.413
Parameters optimization took 4 rounds (0.390 sec)


WARNING: Estimated model parameters are at boundary that can cause numerical instability!

Time for fast ML tree search: 1.593 seconds

NOTE: ModelFinder requires 16 MB RAM!
Selecting individual models for 6 charsets using BIC...
ModelFinder will allocate partition-specific threads based on partition sizes
Full partition model BIC score: 110362.150 (LnL: -54697.258  df:112)
Partition information was printed to results/tree/butterfly.best_scheme.nex
Partition information in Raxml format was printed to results/tree/butterfly.best_scheme

All model information printed to results/tree/butterfly.model.gz
CPU time for ModelFinder: 74.663 seconds (0h:1m:14s)
Wall-clock time for ModelFinder: 44.720 seconds (0h:0m:44s)
Generating 1000 samples for ultrafast bootstrap (seed: 542168)...

NOTE: 17 MB RAM (0 GB) is required!
Estimate model parameters (epsilon = 0.100)
Initial log-likelihood: -54697.654
Current log-likelihood at step 1: -54690.945
Current log-likelihood at step 2: -54690.702
Current log-likelihood at step 3: -54690.605
Partition-specific rates:  0.858 0.950 1.480 0.814 0.736 1.353
Parameters optimization took 2 rounds (0.244 sec)


WARNING: Estimated model parameters are at boundary that can cause numerical instability!

Wrote distance file to... 
Computing ML distances based on estimated model parameters...
Calculating distance matrix: done in 0.000111818 secs using 116.3% CPU
Computing ML distances took 0.000208 sec (of wall-clock time) 0.000168 sec (of CPU time)
Setting up auxiliary I and S matrices: done in 4.50611e-05 secs using 113.2% CPU
Constructing RapidNJ tree: done in 0.000840902 secs using 48.88% CPU
Computing RapidNJ tree took 0.000941 sec (of wall-clock time) 0.000497 sec (of CPU time)
Log-likelihood of RapidNJ tree: -58056.113
--------------------------------------------------------------------
|             INITIALIZING CANDIDATE TREE SET                      |
--------------------------------------------------------------------
Generating 98 parsimony trees... 0.848 second
Computing log-likelihood of 98 initial trees ... 1.148 seconds
Current best score: -54690.605

Do NNI search on 20 best initial trees
Estimate model parameters (epsilon = 0.100)
Initial log-likelihood: -54690.605
Current log-likelihood at step 1: -54690.548
Parameters optimization took 0 rounds (0.067 sec)


WARNING: Estimated model parameters are at boundary that can cause numerical instability!

BETTER TREE FOUND at iteration 1: -54690.548
Iteration 10 / LogL: -54691.666 / Time: 0h:0m:49s
Iteration 20 / LogL: -54876.915 / Time: 0h:0m:52s
Finish initializing candidate tree set (2)
Current best tree score: -54690.548 / CPU time: 7.064
Number of iterations: 20
--------------------------------------------------------------------
|               OPTIMIZING CANDIDATE TREE SET                      |
--------------------------------------------------------------------
Iteration 30 / LogL: -54876.269 / Time: 0h:0m:54s (0h:0m:23s left)
Iteration 40 / LogL: -54876.375 / Time: 0h:0m:56s (0h:0m:19s left)
Iteration 50 / LogL: -54876.334 / Time: 0h:0m:58s (0h:0m:14s left)
Log-likelihood cutoff on original alignment: -54739.496
Iteration 60 / LogL: -54876.217 / Time: 0h:1m:0s (0h:0m:11s left)
Iteration 70 / LogL: -54691.160 / Time: 0h:1m:2s (0h:0m:8s left)
Iteration 80 / LogL: -54690.616 / Time: 0h:1m:4s (0h:0m:5s left)
Iteration 90 / LogL: -54690.575 / Time: 0h:1m:7s (0h:0m:2s left)
Iteration 100 / LogL: -54876.336 / Time: 0h:1m:10s (0h:0m:0s left)
Log-likelihood cutoff on original alignment: -54739.496
NOTE: Bootstrap correlation coefficient of split occurrence frequencies: 1.000
TREE SEARCH COMPLETED AFTER 102 ITERATIONS / Time: 0h:1m:10s

--------------------------------------------------------------------
|                    FINALIZING TREE SEARCH                        |
--------------------------------------------------------------------
Performs final model parameters optimization
Estimate model parameters (epsilon = 0.010)
Initial log-likelihood: -54690.548
Current log-likelihood at step 1: -54690.508
Current log-likelihood at step 2: -54690.484
Current log-likelihood at step 3: -54690.468
Current log-likelihood at step 4: -54690.457
Current log-likelihood at step 5: -54690.451
Partition-specific rates:  0.852 0.947 1.493 0.815 0.734 1.346
Parameters optimization took 4 rounds (0.322 sec)


WARNING: Estimated model parameters are at boundary that can cause numerical instability!

Partition information was printed to results/tree/butterfly.best_model.nex
BEST SCORE FOUND : -54690.451
Creating bootstrap support values...
Split supports printed to NEXUS file results/tree/butterfly.splits.nex
Total tree length: 4.051

Total number of iterations: 102
CPU time used for tree search: 39.154 sec (0h:0m:39s)
Wall-clock time used for tree search: 25.390 sec (0h:0m:25s)
Total CPU time used: 115.133 sec (0h:1m:55s)
Total wall-clock time used: 70.929 sec (0h:1m:10s)

Computing bootstrap consensus tree...
Reading input file results/tree/butterfly.splits.nex...
26 taxa and 91 splits.
Consensus tree written to results/tree/butterfly.contree
Reading input trees file results/tree/butterfly.contree
Log-likelihood of consensus tree: -54690.451

Analysis results written to: 
  IQ-TREE report:                results/tree/butterfly.iqtree
  Maximum-likelihood tree:       results/tree/butterfly.treefile
  Likelihood distances:          results/tree/butterfly.mldist
  Best partitioning scheme:      results/tree/butterfly.best_scheme.nex
           in RAxML format:      results/tree/butterfly.best_scheme

Ultrafast bootstrap approximation results written to:
  Split support values:          results/tree/butterfly.splits.nex
  Consensus tree:                results/tree/butterfly.contree
  Screen log file:               results/tree/butterfly.log

Date and Time: Mon Sep 28 22:39:16 2026
